---
source: landscape-flare/src/tui/snapshots.rs
expression: terminal.backend()
---
"                                    lflare · Landscape L2 Client                                    "
"Tab/Up Down navigate fields · focus Connect and press Enter · F2 show/hide PSK · l switch language ·"
"┌PSK (shared secret, F2 show/hide)─────────────────────────────────────────────────────────────────┐"
"│                                                                                                  │"
"└──────────────────────────────────────────────────────────────────────────────────────────────────┘"
"┌Username──────────────────────────────────────────────────────────────────────────────────────────┐"
"│admin                                                                                             │"
"└──────────────────────────────────────────────────────────────────────────────────────────────────┘"
"┌Client name───────────────────────────────────────────────────────────────────────────────────────┐"
"│pc                                                                                                │"
"└──────────────────────────────────────────────────────────────────────────────────────────────────┘"
"┌Device (Up Down select, Enter confirm, Esc cancel)────────────────────────────────────────────────┐"
"│▸ NIC port 5                                                                                      │"
"│... 9 devices, continue with Up Down                                                              │"
"└──────────────────────────────────────────────────────────────────────────────────────────────────┘"
"┌Ethertype─────────────────────────────────────────────────────────────────────────────────────────┐"
"│0x88b6                                                                                            │"
"└──────────────────────────────────────────────────────────────────────────────────────────────────┘"
"┌Token (optional, must match server)───────────────────────────────────────────────────────────────┐"
"│                                                                                                  │"
"└──────────────────────────────────────────────────────────────────────────────────────────────────┘"
"┌Connect───────────────────────────────────────────────────────────────────────────────────────────┐"
"│                                              Connect                                             │"
"└──────────────────────────────────────────────────────────────────────────────────────────────────┘"
