---
source: landscape-flare/src/tui/snapshots.rs
expression: terminal.backend()
---
"                                    lflare · Landscape L2 Client                                    "
"Tab/Up Down navigate fields · focus Connect and press Enter · F2 show/hide PSK · l switch language ·"
"┌PSK (shared secret, F2 show/hide)─────────────────────────────────────────────────────────────────┐"
"│*********************                                                                             │"
"└──────────────────────────────────────────────────────────────────────────────────────────────────┘"
"┌Username──────────────────────────────────────────────────────────────────────────────────────────┐"
"│ops                                                                                               │"
"└──────────────────────────────────────────────────────────────────────────────────────────────────┘"
"┌Client name───────────────────────────────────────────────────────────────────────────────────────┐"
"│office-pc                                                                                         │"
"└──────────────────────────────────────────────────────────────────────────────────────────────────┘"
"┌Device (Enter to select)──────────────────────────────────────────────────────────────────────────┐"
"│Auto (default route)                                                                              │"
"└──────────────────────────────────────────────────────────────────────────────────────────────────┘"
"┌Ethertype─────────────────────────────────────────────────────────────────────────────────────────┐"
"│0x88b6                                                                                            │"
"└──────────────────────────────────────────────────────────────────────────────────────────────────┘"
"┌Token (optional, must match server)───────────────────────────────────────────────────────────────┐"
"│6f9c2ab1                                                                                          │"
"└──────────────────────────────────────────────────────────────────────────────────────────────────┘"
"┌Connect───────────────────────────────────────────────────────────────────────────────────────────┐"
"│                                              Connect                                             │"
"└──────────────────────────────────────────────────────────────────────────────────────────────────┘"
"                                                                                                    "
"                                                                                                    "
"                                                                                                    "
"                                                                                                    "
"                                                                                                    "
