---
source: landscape-flare/src/tui/snapshots.rs
expression: terminal.backend()
---
"┌lflare───────────────────────────────────────────────────────────────┐"
"│              Terminal too small (needs at least 60x24)              │"
"│                                                                     │"
"│                                                                     │"
"│                                                                     │"
"│                                                                     │"
"│                                                                     │"
"│                                                                     │"
"│                                                                     │"
"│                                                                     │"
"│                                                                     │"
"│                                                                     │"
"│                                                                     │"
"│                                                                     │"
"│                                                                     │"
"│                                                                     │"
"└─────────────────────────────────────────────────────────────────────┘"
