---
source: landscape-flare/src/tui/snapshots.rs
expression: terminal.backend()
---
"                                    lflare · Landscape L2 Session                                   "
"┌Connection────────────────────────────────────────────────────────────────────────────────────────┐"
"│Status: Searching for server...                                                                   │"
"└──────────────────────────────────────────────────────────────────────────────────────────────────┘"
"┌Mappings (waiting for handshake)──────────────────────────────────────────────────────────────────┐"
"│Manage mappings after handshake succeeds                                                          │"
"└──────────────────────────────────────────────────────────────────────────────────────────────────┘"
"┌Log───────────────────────────────────────────────────────────────────────────────────────────────┐"
"│listening for server advertisements on the wire                                                   │"
"│                                                                                                  │"
"│                                                                                                  │"
"│                                                                                                  │"
"│                                                                                                  │"
"│                                                                                                  │"
"│                                                                                                  │"
"│                                                                                                  │"
"│                                                                                                  │"
"│                                                                                                  │"
"│                                                                                                  │"
"│                                                                                                  │"
"│                                                                                                  │"
"│                                                                                                  │"
"│                                                                                                  │"
"│                                                                                                  │"
"│                                                                                                  │"
"│                                                                                                  │"
"└──────────────────────────────────────────────────────────────────────────────────────────────────┘"
"Up focus mappings · PgUp PgDn scroll logs · a add mapping · F3 switch language · q disconnect and qu"
