---
source: lkit-cli/src/console/tests/snapshots.rs
expression: terminal.backend()
---
"Landscape Kit                                          Landscape: not installed  daemon: not running"
"────────────────────────────────────────────────────────────────────────────────────────────────────"
"┌Navigation────────────┐┌> Environment checks──────────────────────────────────────────────────────┐"
"│  Overview            ││> ERROR    0 pass / 0 warn / 1 error / 1 unknown                          │"
"│> Install             │└──────────────────────────────────────────────────────────────────────────┘"
"│  Backup              │┌Install───────────────────────────────────┐┌About: Environment checks─────┐"
"│  Update              ││Version          latest                   ││Read-only deployment checks   │"
"│  Mirror              ││Repository       Config/Default           ││for platform, kernel,         │"
"│  Common software     ││Install root     /root/.lkit/landscape    ││resources, dependencies,      │"
"│  Reinit         ┌Install blocked───────────────────────────────────────────────┐es, and DNS.     │"
"│                 │             Environment checks block installation            │                 │"
"│                 │                                                              │                 │"
"│                 │          - Port 6443 - stop the conflicting process          │                 │"
"│                 │                           - Port 22                          │                 │"
"│                 │                                                              │                 │"
"│                 │                                                              │                 │"
"│                 │     Ctrl+C Exit  Enter View details  Esc Close  R Re-run     │                 │"
"│                 └──────────────────────────────────────────────────────────────┘                 │"
"│                      ││                                          ││                              │"
"│                      ││                                          ││                              │"
"│                      ││                                          ││                              │"
"│                      ││                                          ││                              │"
"│                      ││                                          ││                              │"
"│                      ││                                          ││                              │"
"└──────────────────────┘└──────────────────────────────────────────┘└──────────────────────────────┘"
"────────────────────────────────────────────────────────────────────────────────────────────────────"
"Ready                                                                        [L] Switch to 中文 (zh)" Hidden by multi-width symbols: [(92, " "), (94, " ")]
"Ctrl+C Exit  Enter View details  Esc Close  R Re-run                                                "
