---
source: lkit-cli/src/console/tests/snapshots.rs
expression: terminal.backend()
---
"Landscape Kit                                              Landscape: installed  daemon: not running"
"────────────────────────────────────────────────────────────────────────────────────────────────────"
"┌Navigation────────────┐┌> Overview────────────────────────────────────────────────────────────────┐"
"│> Overview            ││Landscape is installed              │lkit resident service                │"
"│  Install             ││                                    │A systemd service that executes the  │"
"│  Backup              ││Version       1.2.3                 │privileged operations (install,      │"
"│  Update              ││Service       systemd               │update, reinit) delegated by this    │"
"│  Mirror              ││Initialization complete             │console.                             │"
"│  Com┌Recovery psk──────────────────────────────────────────────────────────────────────────┐     │"
"│  Rei│Connect through the flare rescue channel with this code when networking breaks.       │     │"
"│     │                                                                                      │oy it│"
"│     │> Flare recovery psk recovery-psk-example                                             │     │"
"│     │Confirm psk                                                                           │     │"
"│     │[ Save ]                                                                              │     │"
"│     │[ Cancel ]                                                                            │     │"
"│     │                                                                                      │     │"
"│     │Arrows Select  Enter Edit / Save  Esc Cancel                                          │     │"
"│     │                                                                                      │     │"
"│     └──────────────────────────────────────────────────────────────────────────────────────┘     │"
"│                      ││                                    │                                     │"
"│                      ││                                    │                                     │"
"│                      ││                                    │                                     │"
"│                      ││                                    │                                     │"
"│                      ││                                    │                                     │"
"└──────────────────────┘└──────────────────────────────────────────────────────────────────────────┘"
"────────────────────────────────────────────────────────────────────────────────────────────────────"
"Ready                                                                         Language: English (en)"
"Arrows Select  Enter Edit / Save  Esc Cancel                                                        "
