---
source: lkit-cli/src/console/tests/snapshots.rs
expression: terminal.backend()
---
"Landscape Kit                                                  Landscape: installed  daemon: running"
"────────────────────────────────────────────────────────────────────────────────────────────────────"
"┌Navigation────────────┐┌> Overview────────────────────────────────────────────────────────────────┐"
"│> Overview            ││Landscape is installed              │lkit resident service                │"
"│  Install             ││                                    │A systemd service that executes the  │"
"│  Backup              ││Version       1.2.3                 │privileged operations (install,      │"
"│  Update              ││Service       systemd               │update, reinit) delegated by this    │"
"│  Mirror              ││Initialization complete             │console.                             │"
"│  Common software     ││Install root  /root/.lkit/landscape │lkit version  0.5.0                  │"
"│  Reinit              ││                                    │                                     │"
"│                      ││                                    │lkit daemon: running                 │"
"│                      ││                                    │Recovery key for the flare channel   │"
"│                      ││                                    │when the network configuration breaks│"
"│                      ││                                    │and normal access is lost.           │"
"│                      ││                                    │> [ Show recovery psk ]              │"
"│                      ││                                    │                                     │"
"│                      ││                                    │                                     │"
"│                      ││                                    │                                     │"
"│                      ││                                    │                                     │"
"│                      ││                                    │                                     │"
"│                      ││                                    │                                     │"
"│                      ││                                    │                                     │"
"│                      ││                                    │                                     │"
"│                      ││                                    │                                     │"
"└──────────────────────┘└──────────────────────────────────────────────────────────────────────────┘"
"────────────────────────────────────────────────────────────────────────────────────────────────────"
"Ready                                                                        [L] Switch to 中文 (zh)" Hidden by multi-width symbols: [(92, " "), (94, " ")]
"Ctrl+C Exit  Enter Show psk  f Flare  Esc/← Menu                                                    "
