---
source: lkit-cli/src/console/tests/snapshots.rs
expression: terminal.backend()
---
"Landscape Kit                                              Landscape: installed  daemon: not running"
"────────────────────────────────────────────────────────────────────────────────────────────────────"
"┌Navigation────────────┐┌> Update──────────────────────────────────────────────────────────────────┐"
"│  Overview            ││Current version  1.2.3                                                    │"
"│  Install             ││                                                                          │"
"│  Backup              ││> Version          latest                                                 │"
"│> Update              ││  Repository       Current source (http: https://example.com/releases/)   │"
"│  Mirror              ││                   [ Start update ]                                       │"
"│  Common software     ││                                                                          │"
"│  Reinit              ││                                                                          │"
"│           ┌Confirm update────────────────────────────────────────────────────────────┐           │"
"│           │Current 1.2.3 -> target 1.3.0                                             │           │"
"│           │The update reuses the switch pipeline: transaction, .lkb configuration    │           │"
"│           │snapshot, systemd supervision, health checks, and automatic rollback.     │           │"
"│           │                                                                          │           │"
"│           │Ctrl+C Exit  Enter Update  Esc Cancel                                     │           │"
"│           └──────────────────────────────────────────────────────────────────────────┘           │"
"│                      ││                                                                          │"
"│                      ││                                                                          │"
"│                      ││                                                                          │"
"│                      ││                                                                          │"
"│                      ││                                                                          │"
"│                      ││                                                                          │"
"│                      ││                                                                          │"
"└──────────────────────┘└──────────────────────────────────────────────────────────────────────────┘"
"────────────────────────────────────────────────────────────────────────────────────────────────────"
"Ready                                                                        [L] Switch to 中文 (zh)" Hidden by multi-width symbols: [(92, " "), (94, " ")]
"Ctrl+C Exit  Enter Update  Esc Cancel                                                               "
