---
source: lkit-cli/src/console/tests/snapshots.rs
expression: terminal.backend()
---
"┌Landscape Kit────────────────────────────────────────────────────────┐"
"│              Terminal too small (needs at least 72x18)              │"
"│                                                                     │"
"│                                                                     │"
"│                                                                     │"
"│                                                                     │"
"│                                                                     │"
"│                                                                     │"
"│                                                                     │"
"│                                                                     │"
"│                                                                     │"
"│                                                                     │"
"│                                                                     │"
"│                                                                     │"
"│                                                                     │"
"│                                                                     │"
"└─────────────────────────────────────────────────────────────────────┘"
