---
source: lkit-cli/src/console/tests/snapshots.rs
expression: terminal.backend()
---
"Landscape Kit                                              Landscape: installed  daemon: not running"
"────────────────────────────────────────────────────────────────────────────────────────────────────"
"┌Navigation────────────┐┌> Overview────────────────────────────────────────────────────────────────┐"
"│> Overview            ││Landscape is installed              │lkit resident service                │"
"│  Install             ││                                    │A systemd service that executes the  │"
"│  Backup              ││Version       1.2.3                 │privileged operations (install,      │"
"│  Update              ││Service       systemd               │update, reinit) delegated by this    │"
"│  Mirror              ││Initialization complete             │console.                             │"
"│  Common soft┌Deploy the lkit daemon────────────────────────────────────────────────┐             │"
"│  Reinit     │Recovery code for the flare rescue channel when networking breaks.    │             │"
"│             │Type it twice to confirm; leave empty to auto-generate.               │ng; deploy it│"
"│             │   ┌> Deploy the lkit daemon──────────────────────────────────────┐   │             │"
"│             │> F│Deploying the lkit daemon...                                  │   │on ]         │"
"│             │  C│                                                              │   │             │"
"│             │  [│                                                              │   │             │"
"│             │  [└──────────────────────────────────────────────────────────────┘   │             │"
"│             │                                                                      │             │"
"│             │Ctrl+C Exit  Arrows Select  Enter Edit / Start  Esc Cancel            │             │"
"│             └──────────────────────────────────────────────────────────────────────┘             │"
"│                      ││                                    │                                     │"
"│                      ││                                    │                                     │"
"│                      ││                                    │                                     │"
"│                      ││                                    │                                     │"
"│                      ││                                    │                                     │"
"└──────────────────────┘└──────────────────────────────────────────────────────────────────────────┘"
"────────────────────────────────────────────────────────────────────────────────────────────────────"
"Ready                                                                         Language: English (en)"
"Ctrl+C Exit  Arrows Select  Enter Edit / Start  Esc Cancel                                          "
