---
source: lkit-cli/src/console/tests/snapshots.rs
expression: terminal.backend()
---
"Landscape Kit                                              Landscape: installed  daemon: not running"
"────────────────────────────────────────────────────────────────────────────────────────────────────"
"┌Navigation────────────┐┌> Overview────────────────────────────────────────────────────────────────┐"
"│> Overview            ││Landscape is installed              │lkit resident service                │"
"│  Install             ││                                    │A systemd service that executes the  │"
"│  Backup              ││Version       1.2.3                 │privileged operations (install,      │"
"│  Update     ┌Deploy the lkit daemon────────────────────────────────────────────────┐d by this    │"
"│  Mirror     │Deploy the lkit daemon?                                               │             │"
"│  Common soft│                                                                      │             │"
"│  Reinit     │The recovery code (flare psk) protects the L2 recovery channel: the   │             │"
"│             │daemon-hosted flare server tunnels to an lflare client over ethernet  │ng; deploy it│"
"│             │fra┌> Deploy the lkit daemon──────────────────────────────────────┐ng │             │"
"│             │a f│Deploying the lkit daemon...                                  │o  │on ]         │"
"│             │hav│                                                              │   │             │"
"│             │   │                                                              │   │             │"
"│             │> F└──────────────────────────────────────────────────────────────┘   │             │"
"│             │Confirm psk      <empty: auto-generated>                              │             │"
"│             │[ Start deployment ]                                                  │             │"
"│             │[ Cancel ]                                                            │             │"
"│             │                                                                      │             │"
"│             │Ctrl+C Exit  Arrows Select  Enter Edit / Start  Esc Cancel            │             │"
"│             └──────────────────────────────────────────────────────────────────────┘             │"
"│                      ││                                    │                                     │"
"│                      ││                                    │                                     │"
"└──────────────────────┘└──────────────────────────────────────────────────────────────────────────┘"
"────────────────────────────────────────────────────────────────────────────────────────────────────"
"Ready                                                                         Language: English (en)"
"Ctrl+C Exit  Arrows Select  Enter Edit / Start  Esc Cancel                                          "
