---
source: lkit-cli/src/console/tests/snapshots.rs
expression: terminal.backend()
---
"Landscape Kit                                              Landscape: installed  daemon: not running"
"────────────────────────────────────────────────────────────────────────────────────────────────────"
"┌Navigation────────────┐┌> Common software─────────────────────────────────────────────────────────┐"
"│  Overview            ││Host: Debian (bookworm) (package manager: apt)                            │"
"│  Install             ││                                                                          │"
"│  Backup              ││> Docker  [not installed]                                                 │"
"│  Update              ││                                                                          │"
"│  Mirror              ││Base packages  [5 missing]                                                │"
"│> Common software     ││                                                                          │"
"│  Reinit         ┌Install Docker────────────────────────────────────────────────┐                 │"
"│                 │Installing Docker…                                            │                 │"
"│                 │                                                              │                 │"
"│                 │Installing packages…                                          │                 │"
"│                 │                                                              │                 │"
"│                 │Esc Cancel installation                                       │                 │"
"│                 └──────────────────────────────────────────────────────────────┘                 │"
"│                   ████████████████████Installing packages…                                       │"
"│                                                                                                  │"
"│                      ││                                                                          │"
"│                      ││                                                                          │"
"│                      ││                                                                          │"
"│                      ││                                                                          │"
"│                      ││                                                                          │"
"│                      ││                                                                          │"
"└──────────────────────┘└──────────────────────────────────────────────────────────────────────────┘"
"────────────────────────────────────────────────────────────────────────────────────────────────────"
"Installing Docker…                                                           [L] Switch to 中文 (zh)" Hidden by multi-width symbols: [(92, " "), (94, " ")]
"Ctrl+C Exit  Esc Cancel installation                                                                "
