---
source: lkit-cli/src/console/tests/snapshots.rs
expression: terminal.backend()
---
"Landscape Kit                                              Landscape: installed  daemon: not running"
"────────────────────────────────────────────────────────────────────────────────────────────────────"
"┌Navigation────────────┐┌> Overview────────────────────────────────────────────────────────────────┐"
"│> Overview            ││Landscape is installed              │lkit resident service                │"
"│  Install             ││                                    │A systemd service that executes the  │"
"│  Backup              ││Version       1.2.3                 │privileged operations (install,      │"
"│  Update              ││Service       systemd               │update, reinit) delegated by this    │"
"│  Mirror         ┌Flare recovery channel────────────────────────────────────────┐                 │"
"│  Common software│Key for the flare rescue channel when networking breaks.      │ON>              │"
"│  Reinit         │                                                              │                 │"
"│                 │Listen devices     any                                        │unning; deploy it│"
"│                 │Ethertype          0x88b6                                     │all`             │"
"│                 │Forward ports      22,6443                                    │daemon ]         │"
"│                 │Discovery token    <unset>                                    │                 │"
"│                 │Flare recovery psk ********************                       │                 │"
"│                 │                                                              │                 │"
"│                 │e Edit psk  s Save  Esc Close                                 │                 │"
"│                 │                                                              │                 │"
"│                 │                                                              │                 │"
"│                 └──────────────────────────────────────────────────────────────┘                 │"
"│                      ││                                    │                                     │"
"│                      ││                                    │                                     │"
"│                      ││                                    │                                     │"
"│                      ││                                    │                                     │"
"└──────────────────────┘└──────────────────────────────────────────────────────────────────────────┘"
"────────────────────────────────────────────────────────────────────────────────────────────────────"
"Ready                                                                         Language: English (en)"
"e Edit psk  s Save  Esc Close                                                                       "
