---
source: lkit-cli/src/console/tests/snapshots.rs
expression: terminal.backend()
---
"Landscape Kit                                              Landscape: installed  daemon: not running"
"────────────────────────────────────────────────────────────────────────────────────────────────────"
"┌Navigation────────────┐┌> Overview────────────────────────────────────────────────────────────────┐"
"│> Overview            ││Landscape is installed              │lkit resident service                │"
"│  Install             ││                                    │A systemd service that executes the  │"
"│  Backup              ││Version       1.2.3                 │privileged operations (install,      │"
"│  Update              ││Service       systemd               │update, reinit) delegated by this    │"
"│  Mirror              ││Initialization complete             │console.                             │"
"│  Common software     ││Install root  /root/.lkit/landscape │lkit version  <VERSION>              │"
"│  Reinit              ││                                    │                                     │"
"│                      ││                                    │lkit daemon is not running; deploy it│"
"│                      ││                                    │with `lkit self install`             │"
"│                      ││                                    │> [ Deploy the lkit daemon ]         │"
"│                      ││                                    │                                     │"
"│                      ││                                    │                                     │"
"│                      ││                                    │                                     │"
"│                      ││                                    │                                     │"
"│                      ││                                    │                                     │"
"│                      ││                                    │                                     │"
"│                      ││                                    │                                     │"
"│                      ││                                    │                                     │"
"│                      ││                                    │                                     │"
"│                      ││                                    │                                     │"
"│                      ││                                    │                                     │"
"└──────────────────────┘└──────────────────────────────────────────────────────────────────────────┘"
"────────────────────────────────────────────────────────────────────────────────────────────────────"
"Ready                                                                        [L] Switch to 中文 (zh)" Hidden by multi-width symbols: [(92, " "), (94, " ")]
"Ctrl+C Exit  Enter Deploy  Esc/← Menu                                                               "
